Archive member included to satisfy reference by file (symbol)

/Applications/STM32CubeIDE.app/Contents/Eclipse/plugins/com.st.stm32cube.ide.mcu.externaltools.gnu-tools-for-stm32.11.3.rel1.macos64_1.1.100.202310310803/tools/bin/../lib/gcc/arm-none-eabi/11.3.1/../../../../arm-none-eabi/lib/thumb/v7e-m+fp/hard/libc_nano.a(libc_a-exit.o)
                              /Applications/STM32CubeIDE.app/Contents/Eclipse/plugins/com.st.stm32cube.ide.mcu.externaltools.gnu-tools-for-stm32.11.3.rel1.macos64_1.1.100.202310310803/tools/bin/../lib/gcc/arm-none-eabi/11.3.1/../../../../arm-none-eabi/lib/thumb/v7e-m+fp/hard/crt0.o (exit)
/Applications/STM32CubeIDE.app/Contents/Eclipse/plugins/com.st.stm32cube.ide.mcu.externaltools.gnu-tools-for-stm32.11.3.rel1.macos64_1.1.100.202310310803/tools/bin/../lib/gcc/arm-none-eabi/11.3.1/../../../../arm-none-eabi/lib/thumb/v7e-m+fp/hard/libc_nano.a(libc_a-findfp.o)
                              /Applications/STM32CubeIDE.app/Contents/Eclipse/plugins/com.st.stm32cube.ide.mcu.externaltools.gnu-tools-for-stm32.11.3.rel1.macos64_1.1.100.202310310803/tools/bin/../lib/gcc/arm-none-eabi/11.3.1/../../../../arm-none-eabi/lib/thumb/v7e-m+fp/hard/libc_nano.a(libc_a-exit.o) (__stdio_exit_handler)
/Applications/STM32CubeIDE.app/Contents/Eclipse/plugins/com.st.stm32cube.ide.mcu.externaltools.gnu-tools-for-stm32.11.3.rel1.macos64_1.1.100.202310310803/tools/bin/../lib/gcc/arm-none-eabi/11.3.1/../../../../arm-none-eabi/lib/thumb/v7e-m+fp/hard/libc_nano.a(libc_a-fwalk.o)
                              /Applications/STM32CubeIDE.app/Contents/Eclipse/plugins/com.st.stm32cube.ide.mcu.externaltools.gnu-tools-for-stm32.11.3.rel1.macos64_1.1.100.202310310803/tools/bin/../lib/gcc/arm-none-eabi/11.3.1/../../../../arm-none-eabi/lib/thumb/v7e-m+fp/hard/libc_nano.a(libc_a-findfp.o) (_fwalk_sglue)
/Applications/STM32CubeIDE.app/Contents/Eclipse/plugins/com.st.stm32cube.ide.mcu.externaltools.gnu-tools-for-stm32.11.3.rel1.macos64_1.1.100.202310310803/tools/bin/../lib/gcc/arm-none-eabi/11.3.1/../../../../arm-none-eabi/lib/thumb/v7e-m+fp/hard/libc_nano.a(libc_a-memset.o)
                              /Applications/STM32CubeIDE.app/Contents/Eclipse/plugins/com.st.stm32cube.ide.mcu.externaltools.gnu-tools-for-stm32.11.3.rel1.macos64_1.1.100.202310310803/tools/bin/../lib/gcc/arm-none-eabi/11.3.1/../../../../arm-none-eabi/lib/thumb/v7e-m+fp/hard/crt0.o (memset)
/Applications/STM32CubeIDE.app/Contents/Eclipse/plugins/com.st.stm32cube.ide.mcu.externaltools.gnu-tools-for-stm32.11.3.rel1.macos64_1.1.100.202310310803/tools/bin/../lib/gcc/arm-none-eabi/11.3.1/../../../../arm-none-eabi/lib/thumb/v7e-m+fp/hard/libc_nano.a(libc_a-impure.o)
                              /Applications/STM32CubeIDE.app/Contents/Eclipse/plugins/com.st.stm32cube.ide.mcu.externaltools.gnu-tools-for-stm32.11.3.rel1.macos64_1.1.100.202310310803/tools/bin/../lib/gcc/arm-none-eabi/11.3.1/../../../../arm-none-eabi/lib/thumb/v7e-m+fp/hard/libc_nano.a(libc_a-findfp.o) (_impure_data)
/Applications/STM32CubeIDE.app/Contents/Eclipse/plugins/com.st.stm32cube.ide.mcu.externaltools.gnu-tools-for-stm32.11.3.rel1.macos64_1.1.100.202310310803/tools/bin/../lib/gcc/arm-none-eabi/11.3.1/../../../../arm-none-eabi/lib/thumb/v7e-m+fp/hard/libc_nano.a(libc_a-errno.o)
                              ./Core/Src/syscalls.o (__errno)
/Applications/STM32CubeIDE.app/Contents/Eclipse/plugins/com.st.stm32cube.ide.mcu.externaltools.gnu-tools-for-stm32.11.3.rel1.macos64_1.1.100.202310310803/tools/bin/../lib/gcc/arm-none-eabi/11.3.1/../../../../arm-none-eabi/lib/thumb/v7e-m+fp/hard/libc_nano.a(libc_a-init.o)
                              /Applications/STM32CubeIDE.app/Contents/Eclipse/plugins/com.st.stm32cube.ide.mcu.externaltools.gnu-tools-for-stm32.11.3.rel1.macos64_1.1.100.202310310803/tools/bin/../lib/gcc/arm-none-eabi/11.3.1/../../../../arm-none-eabi/lib/thumb/v7e-m+fp/hard/crt0.o (__libc_init_array)
/Applications/STM32CubeIDE.app/Contents/Eclipse/plugins/com.st.stm32cube.ide.mcu.externaltools.gnu-tools-for-stm32.11.3.rel1.macos64_1.1.100.202310310803/tools/bin/../lib/gcc/arm-none-eabi/11.3.1/../../../../arm-none-eabi/lib/thumb/v7e-m+fp/hard/libc_nano.a(libc_a-lock.o)
                              /Applications/STM32CubeIDE.app/Contents/Eclipse/plugins/com.st.stm32cube.ide.mcu.externaltools.gnu-tools-for-stm32.11.3.rel1.macos64_1.1.100.202310310803/tools/bin/../lib/gcc/arm-none-eabi/11.3.1/../../../../arm-none-eabi/lib/thumb/v7e-m+fp/hard/libc_nano.a(libc_a-findfp.o) (__retarget_lock_init_recursive)
/Applications/STM32CubeIDE.app/Contents/Eclipse/plugins/com.st.stm32cube.ide.mcu.externaltools.gnu-tools-for-stm32.11.3.rel1.macos64_1.1.100.202310310803/tools/bin/../lib/gcc/arm-none-eabi/11.3.1/../../../../arm-none-eabi/lib/thumb/v7e-m+fp/hard/libc_nano.a(libc_a-mallocr.o)
[...]
Memory Configuration

Name             Origin             Length             Attributes
RAM              0x0000000020000000 0x0000000000020000 xrw
FLASH            0x0000000008000000 0x0000000000080000 xr
*default*        0x0000000000000000 0xffffffffffffffff

Linker script and memory map

LOAD /Applications/STM32CubeIDE.app/Contents/Eclipse/plugins/com.st.stm32cube.ide.mcu.externaltools.gnu-tools-for-stm32.11.3.rel1.macos64_1.1.100.202310310803/tools/bin/../lib/gcc/arm-none-eabi/11.3.1/thumb/v7e-m+fp/hard/crti.o
LOAD /Applications/STM32CubeIDE.app/Contents/Eclipse/plugins/com.st.stm32cube.ide.mcu.externaltools.gnu-tools-for-stm32.11.3.rel1.macos64_1.1.100.202310310803/tools/bin/../lib/gcc/arm-none-eabi/11.3.1/thumb/v7e-m+fp/hard/crtbegin.o
LOAD /Applications/STM32CubeIDE.app/Contents/Eclipse/plugins/com.st.stm32cube.ide.mcu.externaltools.gnu-tools-for-stm32.11.3.rel1.macos64_1.1.100.202310310803/tools/bin/../lib/gcc/arm-none-eabi/11.3.1/../../../../arm-none-eabi/lib/thumb/v7e-m+fp/hard/crt0.o
LOAD ./Core/Src/main.o
LOAD ./Core/Src/stm32f4xx_hal_msp.o
LOAD ./Core/Src/stm32f4xx_it.o
LOAD ./Core/Src/syscalls.o
LOAD ./Core/Src/sysmem.o
LOAD ./Core/Src/system_stm32f4xx.o
LOAD ./Core/Startup/startup_stm32f446retx.o
LOAD ./Drivers/STM32F4xx_HAL_Driver/Src/stm32f4xx_hal.o
LOAD ./Drivers/STM32F4xx_HAL_Driver/Src/stm32f4xx_hal_cortex.o
LOAD ./Drivers/STM32F4xx_HAL_Driver/Src/stm32f4xx_hal_dma.o
LOAD ./Drivers/STM32F4xx_HAL_Driver/Src/stm32f4xx_hal_dma_ex.o
LOAD ./Drivers/STM32F4xx_HAL_Driver/Src/stm32f4xx_hal_exti.o
LOAD ./Drivers/STM32F4xx_HAL_Driver/Src/stm32f4xx_hal_flash.o
LOAD ./Drivers/STM32F4xx_HAL_Driver/Src/stm32f4xx_hal_flash_ex.o
LOAD ./Drivers/STM32F4xx_HAL_Driver/Src/stm32f4xx_hal_flash_ramfunc.o
LOAD ./Drivers/STM32F4xx_HAL_Driver/Src/stm32f4xx_hal_gpio.o
LOAD ./Drivers/STM32F4xx_HAL_Driver/Src/stm32f4xx_hal_pwr.o
LOAD ./Drivers/STM32F4xx_HAL_Driver/Src/stm32f4xx_hal_pwr_ex.o
LOAD ./Drivers/STM32F4xx_HAL_Driver/Src/stm32f4xx_hal_rcc.o
LOAD ./Drivers/STM32F4xx_HAL_Driver/Src/stm32f4xx_hal_rcc_ex.o
START GROUP
LOAD /Applications/STM32CubeIDE.app/Contents/Eclipse/plugins/com.st.stm32cube.ide.mcu.externaltools.gnu-tools-for-stm32.11.3.rel1.macos64_1.1.100.202310310803/tools/bin/../lib/gcc/arm-none-eabi/11.3.1/../../../../arm-none-eabi/lib/thumb/v7e-m+fp/hard/libc_nano.a
LOAD /Applications/STM32CubeIDE.app/Contents/Eclipse/plugins/com.st.stm32cube.ide.mcu.externaltools.gnu-tools-for-stm32.11.3.rel1.macos64_1.1.100.202310310803/tools/bin/../lib/gcc/arm-none-eabi/11.3.1/../../../../arm-none-eabi/lib/thumb/v7e-m+fp/hard/libm.a
END GROUP
START GROUP
LOAD /Applications/STM32CubeIDE.app/Contents/Eclipse/plugins/com.st.stm32cube.ide.mcu.externaltools.gnu-tools-for-stm32.11.3.rel1.macos64_1.1.100.202310310803/tools/bin/../lib/gcc/arm-none-eabi/11.3.1/thumb/v7e-m+fp/hard/libgcc.a
LOAD /Applications/STM32CubeIDE.app/Contents/Eclipse/plugins/com.st.stm32cube.ide.mcu.externaltools.gnu-tools-for-stm32.11.3.rel1.macos64_1.1.100.202310310803/tools/bin/../lib/gcc/arm-none-eabi/11.3.1/../../../../arm-none-eabi/lib/thumb/v7e-m+fp/hard/libc_nano.a
END GROUP
START GROUP
LOAD /Applications/STM32CubeIDE.app/Contents/Eclipse/plugins/com.st.stm32cube.ide.mcu.externaltools.gnu-tools-for-stm32.11.3.rel1.macos64_1.1.100.202310310803/tools/bin/../lib/gcc/arm-none-eabi/11.3.1/thumb/v7e-m+fp/hard/libgcc.a
LOAD /Applications/STM32CubeIDE.app/Contents/Eclipse/plugins/com.st.stm32cube.ide.mcu.externaltools.gnu-tools-for-stm32.11.3.rel1.macos64_1.1.100.202310310803/tools/bin/../lib/gcc/arm-none-eabi/11.3.1/../../../../arm-none-eabi/lib/thumb/v7e-m+fp/hard/libc_nano.a
LOAD /Applications/STM32CubeIDE.app/Contents/Eclipse/plugins/com.st.stm32cube.ide.mcu.externaltools.gnu-tools-for-stm32.11.3.rel1.macos64_1.1.100.202310310803/tools/bin/../lib/gcc/arm-none-eabi/11.3.1/../../../../arm-none-eabi/lib/thumb/v7e-m+fp/hard/libnosys.a
END GROUP
START GROUP
LOAD /Applications/STM32CubeIDE.app/Contents/Eclipse/plugins/com.st.stm32cube.ide.mcu.externaltools.gnu-tools-for-stm32.11.3.rel1.macos64_1.1.100.202310310803/tools/bin/../lib/gcc/arm-none-eabi/11.3.1/thumb/v7e-m+fp/hard/libgcc.a
LOAD /Applications/STM32CubeIDE.app/Contents/Eclipse/plugins/com.st.stm32cube.ide.mcu.externaltools.gnu-tools-for-stm32.11.3.rel1.macos64_1.1.100.202310310803/tools/bin/../lib/gcc/arm-none-eabi/11.3.1/../../../../arm-none-eabi/lib/thumb/v7e-m+fp/hard/libc_nano.a
LOAD /Applications/STM32CubeIDE.app/Contents/Eclipse/plugins/com.st.stm32cube.ide.mcu.externaltools.gnu-tools-for-stm32.11.3.rel1.macos64_1.1.100.202310310803/tools/bin/../lib/gcc/arm-none-eabi/11.3.1/../../../../arm-none-eabi/lib/thumb/v7e-m+fp/hard/libnosys.a
END GROUP
LOAD /Applications/STM32CubeIDE.app/Contents/Eclipse/plugins/com.st.stm32cube.ide.mcu.externaltools.gnu-tools-for-stm32.11.3.rel1.macos64_1.1.100.202310310803/tools/bin/../lib/gcc/arm-none-eabi/11.3.1/thumb/v7e-m+fp/hard/crtend.o
LOAD /Applications/STM32CubeIDE.app/Contents/Eclipse/plugins/com.st.stm32cube.ide.mcu.externaltools.gnu-tools-for-stm32.11.3.rel1.macos64_1.1.100.202310310803/tools/bin/../lib/gcc/arm-none-eabi/11.3.1/thumb/v7e-m+fp/hard/crtn.o
                0x0000000020020000                _estack = (ORIGIN (RAM) + LENGTH (RAM))
                0x0000000000000200                _Min_Heap_Size = 0x200
                0x0000000000000400                _Min_Stack_Size = 0x400

.isr_vector     0x0000000008000000      0x1c4
                0x0000000008000000                . = ALIGN (0x4)
 *(.isr_vector)
 .isr_vector    0x0000000008000000      0x1c4 ./Core/Startup/startup_stm32f446retx.o
                0x0000000008000000                g_pfnVectors
                0x00000000080001c4                . = ALIGN (0x4)

.text           0x00000000080001c4     0x2150
                0x00000000080001c4                . = ALIGN (0x4)
 *(.text)
 .text          0x00000000080001c4       0x40 /Applications/STM32CubeIDE.app/Contents/Eclipse/plugins/com.st.stm32cube.ide.mcu.externaltools.gnu-tools-for-stm32.11.3.rel1.macos64_1.1.100.202310310803/tools/bin/../lib/gcc/arm-none-eabi/11.3.1/thumb/v7e-m+fp/hard/crtbegin.o
 .text          0x0000000008000204       0x30 /Applications/STM32CubeIDE.app/Contents/Eclipse/plugins/com.st.stm32cube.ide.mcu.externaltools.gnu-tools-for-stm32.11.3.rel1.macos64_1.1.100.202310310803/tools/bin/../lib/gcc/arm-none-eabi/11.3.1/thumb/v7e-m+fp/hard/libgcc.a(_aeabi_uldivmod.o)
                0x0000000008000204                __aeabi_uldivmod
 .text          0x0000000008000234      0x2c8 /Applications/STM32CubeIDE.app/Contents/Eclipse/plugins/com.st.stm32cube.ide.mcu.externaltools.gnu-tools-for-stm32.11.3.rel1.macos64_1.1.100.202310310803/tools/bin/../lib/gcc/arm-none-eabi/11.3.1/thumb/v7e-m+fp/hard/libgcc.a(_udivmoddi4.o)
                0x0000000008000234                __udivmoddi4
 .text          0x00000000080004fc        0x4 /Applications/STM32CubeIDE.app/Contents/Eclipse/plugins/com.st.stm32cube.ide.mcu.externaltools.gnu-tools-for-stm32.11.3.rel1.macos64_1.1.100.202310310803/tools/bin/../lib/gcc/arm-none-eabi/11.3.1/thumb/v7e-m+fp/hard/libgcc.a(_dvmd_tls.o)
                0x00000000080004fc                __aeabi_ldiv0
                0x00000000080004fc                __aeabi_idiv0
 *(.text*)
 .text.main     0x0000000008000500       0x84 ./Core/Src/main.o
                0x0000000008000500                main
 .text.SystemClock_Config
                0x0000000008000584       0xdc ./Core/Src/main.o
                0x0000000008000584                SystemClock_Config
 .text.MX_DMA_Init
                0x0000000008000660       0xa4 ./Core/Src/main.o
 .text.MX_GPIO_Init
                0x0000000008000704       0xfc ./Core/Src/main.o
 .text.my_Dma_TC_cb
                0x0000000008000800       0x14 ./Core/Src/main.o
                0x0000000008000800                my_Dma_TC_cb
 .text.Error_Handler
                0x0000000008000814        0xa ./Core/Src/main.o
                0x0000000008000814                Error_Handler
 *fill*         0x000000000800081e        0x2 
 .text.HAL_MspInit
                0x0000000008000820       0x50 ./Core/Src/stm32f4xx_hal_msp.o
                0x0000000008000820                HAL_MspInit
 .text.NMI_Handler
                0x0000000008000870        0x6 ./Core/Src/stm32f4xx_it.o
                0x0000000008000870                NMI_Handler
 .text.HardFault_Handler
                0x0000000008000876        0x6 ./Core/Src/stm32f4xx_it.o
                0x0000000008000876                HardFault_Handler
 .text.MemManage_Handler
                0x000000000800087c        0x6 ./Core/Src/stm32f4xx_it.o
                0x000000000800087c                MemManage_Handler
 .text.BusFault_Handler
                0x0000000008000882        0x6 ./Core/Src/stm32f4xx_it.o
                0x0000000008000882                BusFault_Handler
 .text.UsageFault_Handler
                0x0000000008000888        0x6 ./Core/Src/stm32f4xx_it.o
                0x0000000008000888                UsageFault_Handler
 .text.SVC_Handler
                0x000000000800088e        0xe ./Core/Src/stm32f4xx_it.o
                0x000000000800088e                SVC_Handler
 .text.DebugMon_Handler
                0x000000000800089c        0xe ./Core/Src/stm32f4xx_it.o
                0x000000000800089c                DebugMon_Handler
 .text.PendSV_Handler
                0x00000000080008aa        0xe ./Core/Src/stm32f4xx_it.o
                0x00000000080008aa                PendSV_Handler
 .text.SysTick_Handler
                0x00000000080008b8        0xc ./Core/Src/stm32f4xx_it.o
                0x00000000080008b8                SysTick_Handler
 .text.DMA2_Stream0_IRQHandler
                0x00000000080008c4       0x14 ./Core/Src/stm32f4xx_it.o
                0x00000000080008c4                DMA2_Stream0_IRQHandler
 .text.SystemInit
                0x00000000080008d8       0x24 ./Core/Src/system_stm32f4xx.o
                0x00000000080008d8                SystemInit
 .text.Reset_Handler
                0x00000000080008fc       0x50 ./Core/Startup/startup_stm32f446retx.o
                0x00000000080008fc                Reset_Handler
 .text.Default_Handler
                0x000000000800094c        0x2 ./Core/Startup/startup_stm32f446retx.o
                0x000000000800094c                DMA1_Stream3_IRQHandler
                0x000000000800094c                EXTI2_IRQHandler
                0x000000000800094c                TIM8_CC_IRQHandler
                0x000000000800094c                FMPI2C1_EV_IRQHandler
                0x000000000800094c                SPI4_IRQHandler
                0x000000000800094c                TIM1_CC_IRQHandler
                0x000000000800094c                DMA2_Stream5_IRQHandler
                0x000000000800094c                DMA1_Stream5_IRQHandler
                0x000000000800094c                PVD_IRQHandler
                0x000000000800094c                SDIO_IRQHandler
                0x000000000800094c                TAMP_STAMP_IRQHandler
                0x000000000800094c                CAN2_RX1_IRQHandler
                0x000000000800094c                EXTI3_IRQHandler
                0x000000000800094c                TIM8_TRG_COM_TIM14_IRQHandler
                0x000000000800094c                TIM1_UP_TIM10_IRQHandler
                0x000000000800094c                TIM8_UP_TIM13_IRQHandler
                0x000000000800094c                I2C3_ER_IRQHandler
                0x000000000800094c                EXTI0_IRQHandler
                0x000000000800094c                I2C2_EV_IRQHandler
                0x000000000800094c                DMA1_Stream2_IRQHandler
                0x000000000800094c                CAN1_RX0_IRQHandler
                0x000000000800094c                FPU_IRQHandler
                0x000000000800094c                OTG_HS_WKUP_IRQHandler
                0x000000000800094c                CAN2_SCE_IRQHandler
                0x000000000800094c                DMA2_Stream2_IRQHandler
                0x000000000800094c                SPI1_IRQHandler
                0x000000000800094c                TIM6_DAC_IRQHandler
                0x000000000800094c                TIM1_BRK_TIM9_IRQHandler
                0x000000000800094c                DCMI_IRQHandler
                0x000000000800094c                CAN2_RX0_IRQHandler
                0x000000000800094c                DMA2_Stream3_IRQHandler
                0x000000000800094c                SAI2_IRQHandler
                0x000000000800094c                USART6_IRQHandler
                0x000000000800094c                USART3_IRQHandler
                0x000000000800094c                CAN1_RX1_IRQHandler
                0x000000000800094c                UART5_IRQHandler
                0x000000000800094c                TIM4_IRQHandler
                0x000000000800094c                QUADSPI_IRQHandler
                0x000000000800094c                I2C1_EV_IRQHandler
                0x000000000800094c                DMA1_Stream6_IRQHandler
                0x000000000800094c                DMA1_Stream1_IRQHandler
                0x000000000800094c                UART4_IRQHandler
                0x000000000800094c                TIM3_IRQHandler
                0x000000000800094c                RCC_IRQHandler
                0x000000000800094c                TIM8_BRK_TIM12_IRQHandler
                0x000000000800094c                Default_Handler
                0x000000000800094c                CEC_IRQHandler
                0x000000000800094c                EXTI15_10_IRQHandler
                0x000000000800094c                ADC_IRQHandler
                0x000000000800094c                DMA1_Stream7_IRQHandler
                0x000000000800094c                TIM7_IRQHandler
                0x000000000800094c                CAN2_TX_IRQHandler
                0x000000000800094c                TIM5_IRQHandler
                0x000000000800094c                DMA2_Stream7_IRQHandler
                0x000000000800094c                I2C3_EV_IRQHandler
                0x000000000800094c                EXTI9_5_IRQHandler
                0x000000000800094c                RTC_WKUP_IRQHandler
                0x000000000800094c                SPDIF_RX_IRQHandler
                0x000000000800094c                SPI2_IRQHandler
                0x000000000800094c                OTG_HS_EP1_IN_IRQHandler
                0x000000000800094c                DMA1_Stream0_IRQHandler
                0x000000000800094c                CAN1_TX_IRQHandler
                0x000000000800094c                FMPI2C1_ER_IRQHandler
                0x000000000800094c                EXTI4_IRQHandler
                0x000000000800094c                OTG_HS_EP1_OUT_IRQHandler
                0x000000000800094c                WWDG_IRQHandler
                0x000000000800094c                TIM2_IRQHandler
                0x000000000800094c                OTG_FS_WKUP_IRQHandler
                0x000000000800094c                TIM1_TRG_COM_TIM11_IRQHandler
                0x000000000800094c                OTG_HS_IRQHandler
                0x000000000800094c                EXTI1_IRQHandler
                0x000000000800094c                USART2_IRQHandler
                0x000000000800094c                I2C2_ER_IRQHandler
                0x000000000800094c                DMA2_Stream1_IRQHandler
                0x000000000800094c                CAN1_SCE_IRQHandler
                0x000000000800094c                FLASH_IRQHandler
                0x000000000800094c                DMA2_Stream4_IRQHandler
                0x000000000800094c                USART1_IRQHandler
                0x000000000800094c                OTG_FS_IRQHandler
                0x000000000800094c                SPI3_IRQHandler
                0x000000000800094c                DMA1_Stream4_IRQHandler
                0x000000000800094c                I2C1_ER_IRQHandler
                0x000000000800094c                FMC_IRQHandler
                0x000000000800094c                DMA2_Stream6_IRQHandler
                0x000000000800094c                SAI1_IRQHandler
                0x000000000800094c                RTC_Alarm_IRQHandler
 *fill*         0x000000000800094e        0x2 
 .text.HAL_Init
                0x0000000008000950       0x44 ./Drivers/STM32F4xx_HAL_Driver/Src/stm32f4xx_hal.o
                0x0000000008000950                HAL_Init
 .text.HAL_InitTick
                0x0000000008000994       0x60 ./Drivers/STM32F4xx_HAL_Driver/Src/stm32f4xx_hal.o
                0x0000000008000994                HAL_InitTick
 .text.HAL_IncTick
                0x00000000080009f4       0x28 ./Drivers/STM32F4xx_HAL_Driver/Src/stm32f4xx_hal.o
                0x00000000080009f4                HAL_IncTick
 .text.HAL_GetTick
                0x0000000008000a1c       0x18 ./Drivers/STM32F4xx_HAL_Driver/Src/stm32f4xx_hal.o
                0x0000000008000a1c                HAL_GetTick
 .text.__NVIC_SetPriorityGrouping
                0x0000000008000a34       0x48 ./Drivers/STM32F4xx_HAL_Driver/Src/stm32f4xx_hal_cortex.o
 .text.__NVIC_GetPriorityGrouping
                0x0000000008000a7c       0x1c ./Drivers/STM32F4xx_HAL_Driver/Src/stm32f4xx_hal_cortex.o
 .text.__NVIC_EnableIRQ
                0x0000000008000a98       0x3c ./Drivers/STM32F4xx_HAL_Driver/Src/stm32f4xx_hal_cortex.o
 .text.__NVIC_SetPriority
                0x0000000008000ad4       0x54 ./Drivers/STM32F4xx_HAL_Driver/Src/stm32f4xx_hal_cortex.o
 .text.NVIC_EncodePriority
                0x0000000008000b28       0x66 ./Drivers/STM32F4xx_HAL_Driver/Src/stm32f4xx_hal_cortex.o
 *fill*         0x0000000008000b8e        0x2 
 .text.SysTick_Config
                0x0000000008000b90       0x44 ./Drivers/STM32F4xx_HAL_Driver/Src/stm32f4xx_hal_cortex.o
 .text.HAL_NVIC_SetPriorityGrouping
                0x0000000008000bd4       0x16 ./Drivers/STM32F4xx_HAL_Driver/Src/stm32f4xx_hal_cortex.o
                0x0000000008000bd4                HAL_NVIC_SetPriorityGrouping
 .text.HAL_NVIC_SetPriority
                0x0000000008000bea       0x38 ./Drivers/STM32F4xx_HAL_Driver/Src/stm32f4xx_hal_cortex.o
                0x0000000008000bea                HAL_NVIC_SetPriority
 .text.HAL_NVIC_EnableIRQ
                0x0000000008000c22       0x1c ./Drivers/STM32F4xx_HAL_Driver/Src/stm32f4xx_hal_cortex.o
                0x0000000008000c22                HAL_NVIC_EnableIRQ
 .text.HAL_SYSTICK_Config
                0x0000000008000c3e       0x18 ./Drivers/STM32F4xx_HAL_Driver/Src/stm32f4xx_hal_cortex.o
                0x0000000008000c3e                HAL_SYSTICK_Config
 *fill*         0x0000000008000c56        0x2 
 .text.HAL_DMA_Init
                0x0000000008000c58      0x15c ./Drivers/STM32F4xx_HAL_Driver/Src/stm32f4xx_hal_dma.o
                0x0000000008000c58                HAL_DMA_Init
 .text.HAL_DMA_Start_IT
                0x0000000008000db4       0xb0 ./Drivers/STM32F4xx_HAL_Driver/Src/stm32f4xx_hal_dma.o
                0x0000000008000db4                HAL_DMA_Start_IT
 .text.HAL_DMA_IRQHandler
                0x0000000008000e64      0x314 ./Drivers/STM32F4xx_HAL_Driver/Src/stm32f4xx_hal_dma.o
                0x0000000008000e64                HAL_DMA_IRQHandler
 .text.HAL_DMA_RegisterCallback
                0x0000000008001178       0xa8 ./Drivers/STM32F4xx_HAL_Driver/Src/stm32f4xx_hal_dma.o
                0x0000000008001178                HAL_DMA_RegisterCallback
 .text.DMA_SetConfig
                0x0000000008001220       0x5c ./Drivers/STM32F4xx_HAL_Driver/Src/stm32f4xx_hal_dma.o
 .text.DMA_CalcBaseAndBitshift
                0x000000000800127c       0x6c ./Drivers/STM32F4xx_HAL_Driver/Src/stm32f4xx_hal_dma.o
 .text.DMA_CheckFifoParam
                0x00000000080012e8       0xf8 ./Drivers/STM32F4xx_HAL_Driver/Src/stm32f4xx_hal_dma.o
 .text.HAL_GPIO_Init
                0x00000000080013e0      0x328 ./Drivers/STM32F4xx_HAL_Driver/Src/stm32f4xx_hal_gpio.o
                0x00000000080013e0                HAL_GPIO_Init
 .text.HAL_GPIO_WritePin
                0x0000000008001708       0x32 ./Drivers/STM32F4xx_HAL_Driver/Src/stm32f4xx_hal_gpio.o
                0x0000000008001708                HAL_GPIO_WritePin
 *fill*         0x000000000800173a        0x2 
 .text.HAL_RCC_ClockConfig
                0x000000000800173c      0x1cc ./Drivers/STM32F4xx_HAL_Driver/Src/stm32f4xx_hal_rcc.o
                0x000000000800173c                HAL_RCC_ClockConfig
 .text.HAL_RCC_GetSysClockFreq
                0x0000000008001908      0x460 ./Drivers/STM32F4xx_HAL_Driver/Src/stm32f4xx_hal_rcc_ex.o
                0x0000000008001908                HAL_RCC_GetSysClockFreq
 .text.HAL_RCC_OscConfig
                0x0000000008001d68      0x53c ./Drivers/STM32F4xx_HAL_Driver/Src/stm32f4xx_hal_rcc_ex.o
                0x0000000008001d68                HAL_RCC_OscConfig
 .text.memset   0x00000000080022a4       0x10 /Applications/STM32CubeIDE.app/Contents/Eclipse/plugins/com.st.stm32cube.ide.mcu.externaltools.gnu-tools-for-stm32.11.3.rel1.macos64_1.1.100.202310310803/tools/bin/../lib/gcc/arm-none-eabi/11.3.1/../../../../arm-none-eabi/lib/thumb/v7e-m+fp/hard/libc_nano.a(libc_a-memset.o)
                0x00000000080022a4                memset
 .text.__libc_init_array
                0x00000000080022b4       0x48 /Applications/STM32CubeIDE.app/Contents/Eclipse/plugins/com.st.stm32cube.ide.mcu.externaltools.gnu-tools-for-stm32.11.3.rel1.macos64_1.1.100.202310310803/tools/bin/../lib/gcc/arm-none-eabi/11.3.1/../../../../arm-none-eabi/lib/thumb/v7e-m+fp/hard/libc_nano.a(libc_a-init.o)
                0x00000000080022b4                __libc_init_array
 *(.glue_7)
 .glue_7        0x00000000080022fc        0x0 linker stubs
 *(.glue_7t)
 .glue_7t       0x00000000080022fc        0x0 linker stubs
 *(.eh_frame)
 .eh_frame      0x00000000080022fc        0x0 /Applications/STM32CubeIDE.app/Contents/Eclipse/plugins/com.st.stm32cube.ide.mcu.externaltools.gnu-tools-for-stm32.11.3.rel1.macos64_1.1.100.202310310803/tools/bin/../lib/gcc/arm-none-eabi/11.3.1/thumb/v7e-m+fp/hard/crtbegin.o
 *(.init)
 .init          0x00000000080022fc        0x4 /Applications/STM32CubeIDE.app/Contents/Eclipse/plugins/com.st.stm32cube.ide.mcu.externaltools.gnu-tools-for-stm32.11.3.rel1.macos64_1.1.100.202310310803/tools/bin/../lib/gcc/arm-none-eabi/11.3.1/thumb/v7e-m+fp/hard/crti.o
                0x00000000080022fc                _init
 .init          0x0000000008002300        0x8 /Applications/STM32CubeIDE.app/Contents/Eclipse/plugins/com.st.stm32cube.ide.mcu.externaltools.gnu-tools-for-stm32.11.3.rel1.macos64_1.1.100.202310310803/tools/bin/../lib/gcc/arm-none-eabi/11.3.1/thumb/v7e-m+fp/hard/crtn.o
 *(.fini)
 .fini          0x0000000008002308        0x4 /Applications/STM32CubeIDE.app/Contents/Eclipse/plugins/com.st.stm32cube.ide.mcu.externaltools.gnu-tools-for-stm32.11.3.rel1.macos64_1.1.100.202310310803/tools/bin/../lib/gcc/arm-none-eabi/11.3.1/thumb/v7e-m+fp/hard/crti.o
                0x0000000008002308                _fini
 .fini          0x000000000800230c        0x8 /Applications/STM32CubeIDE.app/Contents/Eclipse/plugins/com.st.stm32cube.ide.mcu.externaltools.gnu-tools-for-stm32.11.3.rel1.macos64_1.1.100.202310310803/tools/bin/../lib/gcc/arm-none-eabi/11.3.1/thumb/v7e-m+fp/hard/crtn.o
                0x0000000008002314                . = ALIGN (0x4)
                0x0000000008002314                _etext = .

.vfp11_veneer   0x0000000008002314        0x0
 .vfp11_veneer  0x0000000008002314        0x0 linker stubs

.v4_bx          0x0000000008002314        0x0
 .v4_bx         0x0000000008002314        0x0 linker stubs

.iplt           0x0000000008002314        0x0
 .iplt          0x0000000008002314        0x0 /Applications/STM32CubeIDE.app/Contents/Eclipse/plugins/com.st.stm32cube.ide.mcu.externaltools.gnu-tools-for-stm32.11.3.rel1.macos64_1.1.100.202310310803/tools/bin/../lib/gcc/arm-none-eabi/11.3.1/thumb/v7e-m+fp/hard/crtbegin.o

.rodata         0x0000000008002314       0x18
                0x0000000008002314                . = ALIGN (0x4)
 *(.rodata)
 *(.rodata*)
 .rodata.AHBPrescTable
                0x0000000008002314       0x10 ./Core/Src/system_stm32f4xx.o
                0x0000000008002314                AHBPrescTable
 .rodata.flagBitshiftOffset.0
                0x0000000008002324        0x8 ./Drivers/STM32F4xx_HAL_Driver/Src/stm32f4xx_hal_dma.o
                0x000000000800232c                . = ALIGN (0x4)

.ARM.extab      0x000000000800232c        0x0
                0x000000000800232c                . = ALIGN (0x4)
 *(.ARM.extab* .gnu.linkonce.armextab.*)
                0x000000000800232c                . = ALIGN (0x4)

.ARM            0x000000000800232c        0x8
                0x000000000800232c                . = ALIGN (0x4)
                0x000000000800232c                __exidx_start = .
 *(.ARM.exidx*)
 .ARM.exidx     0x000000000800232c        0x8 /Applications/STM32CubeIDE.app/Contents/Eclipse/plugins/com.st.stm32cube.ide.mcu.externaltools.gnu-tools-for-stm32.11.3.rel1.macos64_1.1.100.202310310803/tools/bin/../lib/gcc/arm-none-eabi/11.3.1/thumb/v7e-m+fp/hard/libgcc.a(_udivmoddi4.o)
                0x0000000008002334                __exidx_end = .
                0x0000000008002334                . = ALIGN (0x4)

.rel.dyn        0x0000000008002334        0x0
 .rel.iplt      0x0000000008002334        0x0 /Applications/STM32CubeIDE.app/Contents/Eclipse/plugins/com.st.stm32cube.ide.mcu.externaltools.gnu-tools-for-stm32.11.3.rel1.macos64_1.1.100.202310310803/tools/bin/../lib/gcc/arm-none-eabi/11.3.1/thumb/v7e-m+fp/hard/crtbegin.o

.preinit_array  0x0000000008002334        0x0
                0x0000000008002334                . = ALIGN (0x4)
                0x0000000008002334                PROVIDE (__preinit_array_start = .)
 *(.preinit_array*)
                0x0000000008002334                PROVIDE (__preinit_array_end = .)
                0x0000000008002334                . = ALIGN (0x4)

.init_array     0x0000000008002334        0x4
                0x0000000008002334                . = ALIGN (0x4)
                0x0000000008002334                PROVIDE (__init_array_start = .)
 *(SORT_BY_NAME(.init_array.*))
 *(.init_array*)
 .init_array    0x0000000008002334        0x4 /Applications/STM32CubeIDE.app/Contents/Eclipse/plugins/com.st.stm32cube.ide.mcu.externaltools.gnu-tools-for-stm32.11.3.rel1.macos64_1.1.100.202310310803/tools/bin/../lib/gcc/arm-none-eabi/11.3.1/thumb/v7e-m+fp/hard/crtbegin.o
                0x0000000008002338                PROVIDE (__init_array_end = .)
                0x0000000008002338                . = ALIGN (0x4)

.fini_array     0x0000000008002338        0x4
                0x0000000008002338                . = ALIGN (0x4)
                [!provide]                        PROVIDE (__fini_array_start = .)
 *(SORT_BY_NAME(.fini_array.*))
 *(.fini_array*)
 .fini_array    0x0000000008002338        0x4 /Applications/STM32CubeIDE.app/Contents/Eclipse/plugins/com.st.stm32cube.ide.mcu.externaltools.gnu-tools-for-stm32.11.3.rel1.macos64_1.1.100.202310310803/tools/bin/../lib/gcc/arm-none-eabi/11.3.1/thumb/v7e-m+fp/hard/crtbegin.o
                [!provide]                        PROVIDE (__fini_array_end = .)
                0x000000000800233c                . = ALIGN (0x4)
                0x000000000800233c                _sidata = LOADADDR (.data)

.data           0x0000000020000000       0x10 load address 0x000000000800233c
                0x0000000020000000                . = ALIGN (0x4)
                0x0000000020000000                _sdata = .
 *(.data)
 *(.data*)
 .data.led_data
                0x0000000020000000        0x2 ./Core/Src/main.o
                0x0000000020000000                led_data
 *fill*         0x0000000020000002        0x2 
 .data.SystemCoreClock
                0x0000000020000004        0x4 ./Core/Src/system_stm32f4xx.o
                0x0000000020000004                SystemCoreClock
 .data.uwTickPrio
                0x0000000020000008        0x4 ./Drivers/STM32F4xx_HAL_Driver/Src/stm32f4xx_hal.o
                0x0000000020000008                uwTickPrio
 .data.uwTickFreq
                0x000000002000000c        0x1 ./Drivers/STM32F4xx_HAL_Driver/Src/stm32f4xx_hal.o
                0x000000002000000c                uwTickFreq
 *(.RamFunc)
 *(.RamFunc*)
                0x0000000020000010                . = ALIGN (0x4)
 *fill*         0x000000002000000d        0x3 
                0x0000000020000010                _edata = .

.igot.plt       0x0000000020000010        0x0 load address 0x000000000800234c
 .igot.plt      0x0000000020000010        0x0 /Applications/STM32CubeIDE.app/Contents/Eclipse/plugins/com.st.stm32cube.ide.mcu.externaltools.gnu-tools-for-stm32.11.3.rel1.macos64_1.1.100.202310310803/tools/bin/../lib/gcc/arm-none-eabi/11.3.1/thumb/v7e-m+fp/hard/crtbegin.o
                0x0000000020000010                . = ALIGN (0x4)

.bss            0x0000000020000010       0x80 load address 0x000000000800234c
                0x0000000020000010                _sbss = .
                0x0000000020000010                __bss_start__ = _sbss
 *(.bss)
 .bss           0x0000000020000010       0x1c /Applications/STM32CubeIDE.app/Contents/Eclipse/plugins/com.st.stm32cube.ide.mcu.externaltools.gnu-tools-for-stm32.11.3.rel1.macos64_1.1.100.202310310803/tools/bin/../lib/gcc/arm-none-eabi/11.3.1/thumb/v7e-m+fp/hard/crtbegin.o
 *(.bss*)
 .bss.hdma_memtomem_dma2_stream0
                0x000000002000002c       0x60 ./Core/Src/main.o
                0x000000002000002c                hdma_memtomem_dma2_stream0
 .bss.uwTick    0x000000002000008c        0x4 ./Drivers/STM32F4xx_HAL_Driver/Src/stm32f4xx_hal.o
                0x000000002000008c                uwTick
 *(COMMON)
                0x0000000020000090                . = ALIGN (0x4)
                0x0000000020000090                _ebss = .
                0x0000000020000090                __bss_end__ = _ebss

._user_heap_stack
                0x0000000020000090      0x600 load address 0x000000000800234c
                0x0000000020000090                . = ALIGN (0x8)
                [!provide]                        PROVIDE (end = .)
                0x0000000020000090                PROVIDE (_end = .)
                0x0000000020000290                . = (. + _Min_Heap_Size)
 *fill*         0x0000000020000090      0x200 
                0x0000000020000690                . = (. + _Min_Stack_Size)
 *fill*         0x0000000020000290      0x400 
                0x0000000020000690                . = ALIGN (0x8)

/DISCARD/
 libc.a(*)
 libm.a(*)
 libgcc.a(*)

.ARM.attributes
                0x0000000000000000       0x30
 *(.ARM.attributes)
 .ARM.attributes
                0x0000000000000000       0x1e /Applications/STM32CubeIDE.app/Contents/Eclipse/plugins/com.st.stm32cube.ide.mcu.externaltools.gnu-tools-for-stm32.11.3.rel1.macos64_1.1.100.202310310803/tools/bin/../lib/gcc/arm-none-eabi/11.3.1/thumb/v7e-m+fp/hard/crti.o
 .ARM.attributes
                0x000000000000001e       0x34 /Applications/STM32CubeIDE.app/Contents/Eclipse/plugins/com.st.stm32cube.ide.mcu.externaltools.gnu-tools-for-stm32.11.3.rel1.macos64_1.1.100.202310310803/tools/bin/../lib/gcc/arm-none-eabi/11.3.1/thumb/v7e-m+fp/hard/crtbegin.o
 .ARM.attributes
                0x0000000000000052       0x34 ./Core/Src/main.o
 .ARM.attributes
                0x0000000000000086       0x34 ./Core/Src/stm32f4xx_hal_msp.o
 .ARM.attributes
                0x00000000000000ba       0x34 ./Core/Src/stm32f4xx_it.o
 .ARM.attributes
                0x00000000000000ee       0x34 ./Core/Src/system_stm32f4xx.o
 .ARM.attributes
                0x0000000000000122       0x21 ./Core/Startup/startup_stm32f446retx.o
 .ARM.attributes
                0x0000000000000143       0x34 ./Drivers/STM32F4xx_HAL_Driver/Src/stm32f4xx_hal.o
 .ARM.attributes
                0x0000000000000177       0x34 ./Drivers/STM32F4xx_HAL_Driver/Src/stm32f4xx_hal_cortex.o
 .ARM.attributes
                0x00000000000001ab       0x34 ./Drivers/STM32F4xx_HAL_Driver/Src/stm32f4xx_hal_dma.o
 .ARM.attributes
                0x00000000000001df       0x34 ./Drivers/STM32F4xx_HAL_Driver/Src/stm32f4xx_hal_gpio.o
 .ARM.attributes
                0x0000000000000213       0x34 ./Drivers/STM32F4xx_HAL_Driver/Src/stm32f4xx_hal_rcc.o
 .ARM.attributes
                0x0000000000000247       0x34 ./Drivers/STM32F4xx_HAL_Driver/Src/stm32f4xx_hal_rcc_ex.o
 .ARM.attributes
                0x000000000000027b       0x34 /Applications/STM32CubeIDE.app/Contents/Eclipse/plugins/com.st.stm32cube.ide.mcu.externaltools.gnu-tools-for-stm32.11.3.rel1.macos64_1.1.100.202310310803/tools/bin/../lib/gcc/arm-none-eabi/11.3.1/../../../../arm-none-eabi/lib/thumb/v7e-m+fp/hard/libc_nano.a(libc_a-memset.o)
 .ARM.attributes
                0x00000000000002af       0x34 /Applications/STM32CubeIDE.app/Contents/Eclipse/plugins/com.st.stm32cube.ide.mcu.externaltools.gnu-tools-for-stm32.11.3.rel1.macos64_1.1.100.202310310803/tools/bin/../lib/gcc/arm-none-eabi/11.3.1/../../../../arm-none-eabi/lib/thumb/v7e-m+fp/hard/libc_nano.a(libc_a-init.o)
 .ARM.attributes
                0x00000000000002e3       0x1e /Applications/STM32CubeIDE.app/Contents/Eclipse/plugins/com.st.stm32cube.ide.mcu.externaltools.gnu-tools-for-stm32.11.3.rel1.macos64_1.1.100.202310310803/tools/bin/../lib/gcc/arm-none-eabi/11.3.1/thumb/v7e-m+fp/hard/libgcc.a(_aeabi_uldivmod.o)
 .ARM.attributes
                0x0000000000000301       0x34 /Applications/STM32CubeIDE.app/Contents/Eclipse/plugins/com.st.stm32cube.ide.mcu.externaltools.gnu-tools-for-stm32.11.3.rel1.macos64_1.1.100.202310310803/tools/bin/../lib/gcc/arm-none-eabi/11.3.1/thumb/v7e-m+fp/hard/libgcc.a(_udivmoddi4.o)
 .ARM.attributes
                0x0000000000000335       0x1e /Applications/STM32CubeIDE.app/Contents/Eclipse/plugins/com.st.stm32cube.ide.mcu.externaltools.gnu-tools-for-stm32.11.3.rel1.macos64_1.1.100.202310310803/tools/bin/../lib/gcc/arm-none-eabi/11.3.1/thumb/v7e-m+fp/hard/libgcc.a(_dvmd_tls.o)
 .ARM.attributes
                0x0000000000000353       0x1e /Applications/STM32CubeIDE.app/Contents/Eclipse/plugins/com.st.stm32cube.ide.mcu.externaltools.gnu-tools-for-stm32.11.3.rel1.macos64_1.1.100.202310310803/tools/bin/../lib/gcc/arm-none-eabi/11.3.1/thumb/v7e-m+fp/hard/crtn.o
OUTPUT(Led_Toggle_IT_M2M.elf elf32-littlearm)
LOAD linker stubs
LOAD /Applications/STM32CubeIDE.app/Contents/Eclipse/plugins/com.st.stm32cube.ide.mcu.externaltools.gnu-tools-for-stm32.11.3.rel1.macos64_1.1.100.202310310803/tools/bin/../lib/gcc/arm-none-eabi/11.3.1/../../../../arm-none-eabi/lib/thumb/v7e-m+fp/hard/libc.a
LOAD /Applications/STM32CubeIDE.app/Contents/Eclipse/plugins/com.st.stm32cube.ide.mcu.externaltools.gnu-tools-for-stm32.11.3.rel1.macos64_1.1.100.202310310803/tools/bin/../lib/gcc/arm-none-eabi/11.3.1/../../../../arm-none-eabi/lib/thumb/v7e-m+fp/hard/libm.a
LOAD /Applications/STM32CubeIDE.app/Contents/Eclipse/plugins/com.st.stm32cube.ide.mcu.externaltools.gnu-tools-for-stm32.11.3.rel1.macos64_1.1.100.202310310803/tools/bin/../lib/gcc/arm-none-eabi/11.3.1/thumb/v7e-m+fp/hard/libgcc.a

.comment        0x0000000000000000       0x43
 .comment       0x0000000000000000       0x43 /Applications/STM32CubeIDE.app/Contents/Eclipse/plugins/com.st.stm32cube.ide.mcu.externaltools.gnu-tools-for-stm32.11.3.rel1.macos64_1.1.100.202310310803/tools/bin/../lib/gcc/arm-none-eabi/11.3.1/thumb/v7e-m+fp/hard/crtbegin.o
                                         0x44 (size before relaxing)
 .comment       0x0000000000000043       0x44 ./Core/Src/main.o
 .comment       0x0000000000000043       0x44 ./Core/Src/stm32f4xx_hal_msp.o
 .comment       0x0000000000000043       0x44 ./Core/Src/stm32f4xx_it.o
 .comment       0x0000000000000043       0x44 ./Core/Src/system_stm32f4xx.o
 .comment       0x0000000000000043       0x44 ./Drivers/STM32F4xx_HAL_Driver/Src/stm32f4xx_hal.o
 .comment       0x0000000000000043       0x44 ./Drivers/STM32F4xx_HAL_Driver/Src/stm32f4xx_hal_cortex.o
 .comment       0x0000000000000043       0x44 ./Drivers/STM32F4xx_HAL_Driver/Src/stm32f4xx_hal_dma.o
 .comment       0x0000000000000043       0x44 ./Drivers/STM32F4xx_HAL_Driver/Src/stm32f4xx_hal_gpio.o
 .comment       0x0000000000000043       0x44 ./Drivers/STM32F4xx_HAL_Driver/Src/stm32f4xx_hal_rcc.o
 .comment       0x0000000000000043       0x44 ./Drivers/STM32F4xx_HAL_Driver/Src/stm32f4xx_hal_rcc_ex.o

.debug_info     0x0000000000000000     0x5214
 .debug_info    0x0000000000000000      0xd0e ./Core/Src/main.o
 .debug_info    0x0000000000000d0e      0x2ac ./Core/Src/stm32f4xx_hal_msp.o
 .debug_info    0x0000000000000fba      0x3a9 ./Core/Src/stm32f4xx_it.o
 .debug_info    0x0000000000001363      0x54a ./Core/Src/system_stm32f4xx.o
 .debug_info    0x00000000000018ad       0x23 ./Core/Startup/startup_stm32f446retx.o
 .debug_info    0x00000000000018d0      0x99a ./Drivers/STM32F4xx_HAL_Driver/Src/stm32f4xx_hal.o
 .debug_info    0x000000000000226a      0xd75 ./Drivers/STM32F4xx_HAL_Driver/Src/stm32f4xx_hal_cortex.o
 .debug_info    0x0000000000002fdf      0x8e7 ./Drivers/STM32F4xx_HAL_Driver/Src/stm32f4xx_hal_dma.o
 .debug_info    0x00000000000038c6      0x70b ./Drivers/STM32F4xx_HAL_Driver/Src/stm32f4xx_hal_gpio.o
 .debug_info    0x0000000000003fd1      0x8ed ./Drivers/STM32F4xx_HAL_Driver/Src/stm32f4xx_hal_rcc.o
 .debug_info    0x00000000000048be      0x956 ./Drivers/STM32F4xx_HAL_Driver/Src/stm32f4xx_hal_rcc_ex.o

.debug_abbrev   0x0000000000000000     0x141d
 .debug_abbrev  0x0000000000000000      0x260 ./Core/Src/main.o
 .debug_abbrev  0x0000000000000260       0xf4 ./Core/Src/stm32f4xx_hal_msp.o
 .debug_abbrev  0x0000000000000354      0x169 ./Core/Src/stm32f4xx_it.o
 .debug_abbrev  0x00000000000004bd      0x11a ./Core/Src/system_stm32f4xx.o
 .debug_abbrev  0x00000000000005d7       0x12 ./Core/Startup/startup_stm32f446retx.o
 .debug_abbrev  0x00000000000005e9      0x214 ./Drivers/STM32F4xx_HAL_Driver/Src/stm32f4xx_hal.o
 .debug_abbrev  0x00000000000007fd      0x328 ./Drivers/STM32F4xx_HAL_Driver/Src/stm32f4xx_hal_cortex.o
 .debug_abbrev  0x0000000000000b25      0x264 ./Drivers/STM32F4xx_HAL_Driver/Src/stm32f4xx_hal_dma.o
 .debug_abbrev  0x0000000000000d89      0x1d4 ./Drivers/STM32F4xx_HAL_Driver/Src/stm32f4xx_hal_gpio.o
 .debug_abbrev  0x0000000000000f5d      0x2b6 ./Drivers/STM32F4xx_HAL_Driver/Src/stm32f4xx_hal_rcc.o
 .debug_abbrev  0x0000000000001213      0x20a ./Drivers/STM32F4xx_HAL_Driver/Src/stm32f4xx_hal_rcc_ex.o

.debug_aranges  0x0000000000000000      0x518
 .debug_aranges
                0x0000000000000000       0x48 ./Core/Src/main.o
 .debug_aranges
                0x0000000000000048       0x20 ./Core/Src/stm32f4xx_hal_msp.o
 .debug_aranges
                0x0000000000000068       0x68 ./Core/Src/stm32f4xx_it.o
 .debug_aranges
                0x00000000000000d0       0x28 ./Core/Src/system_stm32f4xx.o
 .debug_aranges
                0x00000000000000f8       0x28 ./Core/Startup/startup_stm32f446retx.o
 .debug_aranges
                0x0000000000000120       0xf0 ./Drivers/STM32F4xx_HAL_Driver/Src/stm32f4xx_hal.o
 .debug_aranges
                0x0000000000000210      0x120 ./Drivers/STM32F4xx_HAL_Driver/Src/stm32f4xx_hal_cortex.o
 .debug_aranges
                0x0000000000000330       0x90 ./Drivers/STM32F4xx_HAL_Driver/Src/stm32f4xx_hal_dma.o
 .debug_aranges
                0x00000000000003c0       0x58 ./Drivers/STM32F4xx_HAL_Driver/Src/stm32f4xx_hal_gpio.o
 .debug_aranges
                0x0000000000000418       0x88 ./Drivers/STM32F4xx_HAL_Driver/Src/stm32f4xx_hal_rcc.o
 .debug_aranges
                0x00000000000004a0       0x78 ./Drivers/STM32F4xx_HAL_Driver/Src/stm32f4xx_hal_rcc_ex.o

.debug_rnglists
                0x0000000000000000      0x3ba
 .debug_rnglists
                0x0000000000000000       0x35 ./Core/Src/main.o
 .debug_rnglists
                0x0000000000000035       0x13 ./Core/Src/stm32f4xx_hal_msp.o
 .debug_rnglists
                0x0000000000000048       0x49 ./Core/Src/stm32f4xx_it.o
 .debug_rnglists
                0x0000000000000091       0x1a ./Core/Src/system_stm32f4xx.o
 .debug_rnglists
                0x00000000000000ab       0x19 ./Core/Startup/startup_stm32f446retx.o
 .debug_rnglists
                0x00000000000000c4       0xaf ./Drivers/STM32F4xx_HAL_Driver/Src/stm32f4xx_hal.o
 .debug_rnglists
                0x0000000000000173       0xd4 ./Drivers/STM32F4xx_HAL_Driver/Src/stm32f4xx_hal_cortex.o
 .debug_rnglists
                0x0000000000000247       0x70 ./Drivers/STM32F4xx_HAL_Driver/Src/stm32f4xx_hal_dma.o
 .debug_rnglists
                0x00000000000002b7       0x3f ./Drivers/STM32F4xx_HAL_Driver/Src/stm32f4xx_hal_gpio.o
 .debug_rnglists
                0x00000000000002f6       0x66 ./Drivers/STM32F4xx_HAL_Driver/Src/stm32f4xx_hal_rcc.o
 .debug_rnglists
                0x000000000000035c       0x5e ./Drivers/STM32F4xx_HAL_Driver/Src/stm32f4xx_hal_rcc_ex.o

.debug_macro    0x0000000000000000    0x1fe7f
 .debug_macro   0x0000000000000000      0x1bf ./Core/Src/main.o
 .debug_macro   0x00000000000001bf      0xaa8 ./Core/Src/main.o
 .debug_macro   0x0000000000000c67      0x28f ./Core/Src/main.o
 .debug_macro   0x0000000000000ef6       0x2e ./Core/Src/main.o
 .debug_macro   0x0000000000000f24       0x28 ./Core/Src/main.o
 .debug_macro   0x0000000000000f4c       0x22 ./Core/Src/main.o
 .debug_macro   0x0000000000000f6e       0x8e ./Core/Src/main.o
 .debug_macro   0x0000000000000ffc       0x51 ./Core/Src/main.o
 .debug_macro   0x000000000000104d      0x103 ./Core/Src/main.o
 .debug_macro   0x0000000000001150       0x6a ./Core/Src/main.o
 .debug_macro   0x00000000000011ba      0x1df ./Core/Src/main.o
 .debug_macro   0x0000000000001399       0x1c ./Core/Src/main.o
 .debug_macro   0x00000000000013b5       0x22 ./Core/Src/main.o
 .debug_macro   0x00000000000013d7       0xfb ./Core/Src/main.o
 .debug_macro   0x00000000000014d2     0x1011 ./Core/Src/main.o
 .debug_macro   0x00000000000024e3      0x11f ./Core/Src/main.o
 .debug_macro   0x0000000000002602    0x16749 ./Core/Src/main.o
 .debug_macro   0x0000000000018d4b       0x6d ./Core/Src/main.o
 .debug_macro   0x0000000000018db8     0x368c ./Core/Src/main.o
 .debug_macro   0x000000000001c444      0x174 ./Core/Src/main.o
 .debug_macro   0x000000000001c5b8       0x5c ./Core/Src/main.o
 .debug_macro   0x000000000001c614      0xca5 ./Core/Src/main.o
 .debug_macro   0x000000000001d2b9      0x9e9 ./Core/Src/main.o
 .debug_macro   0x000000000001dca2      0x115 ./Core/Src/main.o
 .debug_macro   0x000000000001ddb7      0x1a0 ./Core/Src/main.o
 .debug_macro   0x000000000001df57       0xa5 ./Core/Src/main.o
 .debug_macro   0x000000000001dffc      0x16d ./Core/Src/main.o
 .debug_macro   0x000000000001e169      0x287 ./Core/Src/main.o
 .debug_macro   0x000000000001e3f0       0x5f ./Core/Src/main.o
 .debug_macro   0x000000000001e44f      0x236 ./Core/Src/main.o
 .debug_macro   0x000000000001e685      0x132 ./Core/Src/main.o
 .debug_macro   0x000000000001e7b7      0x29c ./Core/Src/main.o
 .debug_macro   0x000000000001ea53       0x2e ./Core/Src/main.o
 .debug_macro   0x000000000001ea81      0x127 ./Core/Src/main.o
 .debug_macro   0x000000000001eba8       0xe8 ./Core/Src/main.o
 .debug_macro   0x000000000001ec90       0x89 ./Core/Src/main.o
 .debug_macro   0x000000000001ed19      0x126 ./Core/Src/main.o
 .debug_macro   0x000000000001ee3f       0x58 ./Core/Src/main.o
 .debug_macro   0x000000000001ee97      0x1bf ./Core/Src/stm32f4xx_hal_msp.o
 .debug_macro   0x000000000001f056      0x1c9 ./Core/Src/stm32f4xx_it.o
 .debug_macro   0x000000000001f21f      0x1b0 ./Core/Src/system_stm32f4xx.o
 .debug_macro   0x000000000001f3cf      0x210 ./Drivers/STM32F4xx_HAL_Driver/Src/stm32f4xx_hal.o
 .debug_macro   0x000000000001f5df      0x1b0 ./Drivers/STM32F4xx_HAL_Driver/Src/stm32f4xx_hal_cortex.o
 .debug_macro   0x000000000001f78f      0x1b6 ./Drivers/STM32F4xx_HAL_Driver/Src/stm32f4xx_hal_dma.o
 .debug_macro   0x000000000001f945      0x1b6 ./Drivers/STM32F4xx_HAL_Driver/Src/stm32f4xx_hal_gpio.o
 .debug_macro   0x000000000001fafb      0x1d4 ./Drivers/STM32F4xx_HAL_Driver/Src/stm32f4xx_hal_rcc.o
 .debug_macro   0x000000000001fccf      0x1b0 ./Drivers/STM32F4xx_HAL_Driver/Src/stm32f4xx_hal_rcc_ex.o

.debug_line     0x0000000000000000     0x6dd9
 .debug_line    0x0000000000000000      0x7f0 ./Core/Src/main.o
 .debug_line    0x00000000000007f0      0x69c ./Core/Src/stm32f4xx_hal_msp.o
 .debug_line    0x0000000000000e8c      0x775 ./Core/Src/stm32f4xx_it.o
 .debug_line    0x0000000000001601      0x71c ./Core/Src/system_stm32f4xx.o
 .debug_line    0x0000000000001d1d       0x7a ./Core/Startup/startup_stm32f446retx.o
 .debug_line    0x0000000000001d97      0x982 ./Drivers/STM32F4xx_HAL_Driver/Src/stm32f4xx_hal.o
 .debug_line    0x0000000000002719      0xc4e ./Drivers/STM32F4xx_HAL_Driver/Src/stm32f4xx_hal_cortex.o
 .debug_line    0x0000000000003367      0xee6 ./Drivers/STM32F4xx_HAL_Driver/Src/stm32f4xx_hal_dma.o
 .debug_line    0x000000000000424d      0xae2 ./Drivers/STM32F4xx_HAL_Driver/Src/stm32f4xx_hal_gpio.o
 .debug_line    0x0000000000004d2f      0xd07 ./Drivers/STM32F4xx_HAL_Driver/Src/stm32f4xx_hal_rcc.o
 .debug_line    0x0000000000005a36     0x13a3 ./Drivers/STM32F4xx_HAL_Driver/Src/stm32f4xx_hal_rcc_ex.o

.debug_str      0x0000000000000000    0xc24d9
 .debug_str     0x0000000000000000    0xc10b3 ./Core/Src/main.o
                                      0xc139f (size before relaxing)
 .debug_str     0x00000000000c10b3       0x49 ./Core/Src/stm32f4xx_hal_msp.o
                                      0xc0824 (size before relaxing)
 .debug_str     0x00000000000c10fc       0xf4 ./Core/Src/stm32f4xx_it.o
                                      0xc0a0e (size before relaxing)
 .debug_str     0x00000000000c11f0       0xdb ./Core/Src/system_stm32f4xx.o
                                      0xc0791 (size before relaxing)
 .debug_str     0x00000000000c12cb       0x34 ./Core/Startup/startup_stm32f446retx.o
                                         0xa3 (size before relaxing)
 .debug_str     0x00000000000c12ff      0x5ee ./Drivers/STM32F4xx_HAL_Driver/Src/stm32f4xx_hal.o
                                      0xc1356 (size before relaxing)
 .debug_str     0x00000000000c18ed      0x34d ./Drivers/STM32F4xx_HAL_Driver/Src/stm32f4xx_hal_cortex.o
                                      0xc107b (size before relaxing)
 .debug_str     0x00000000000c1c3a      0x217 ./Drivers/STM32F4xx_HAL_Driver/Src/stm32f4xx_hal_dma.o
                                      0xc0b86 (size before relaxing)
 .debug_str     0x00000000000c1e51      0x131 ./Drivers/STM32F4xx_HAL_Driver/Src/stm32f4xx_hal_gpio.o
                                      0xc090c (size before relaxing)
 .debug_str     0x00000000000c1f82      0x233 ./Drivers/STM32F4xx_HAL_Driver/Src/stm32f4xx_hal_rcc.o
                                      0xc0bca (size before relaxing)
 .debug_str     0x00000000000c21b5      0x324 ./Drivers/STM32F4xx_HAL_Driver/Src/stm32f4xx_hal_rcc_ex.o
                                      0xc0bfd (size before relaxing)

.debug_frame    0x0000000000000000     0x12d8
 .debug_frame   0x0000000000000000       0xdc ./Core/Src/main.o
 .debug_frame   0x00000000000000dc       0x34 ./Core/Src/stm32f4xx_hal_msp.o
 .debug_frame   0x0000000000000110      0x120 ./Core/Src/stm32f4xx_it.o
 .debug_frame   0x0000000000000230       0x58 ./Core/Src/system_stm32f4xx.o
 .debug_frame   0x0000000000000288      0x374 ./Drivers/STM32F4xx_HAL_Driver/Src/stm32f4xx_hal.o
 .debug_frame   0x00000000000005fc      0x4b8 ./Drivers/STM32F4xx_HAL_Driver/Src/stm32f4xx_hal_cortex.o
 .debug_frame   0x0000000000000ab4      0x250 ./Drivers/STM32F4xx_HAL_Driver/Src/stm32f4xx_hal_dma.o
 .debug_frame   0x0000000000000d04      0x14c ./Drivers/STM32F4xx_HAL_Driver/Src/stm32f4xx_hal_gpio.o
 .debug_frame   0x0000000000000e50      0x1f4 ./Drivers/STM32F4xx_HAL_Driver/Src/stm32f4xx_hal_rcc.o
 .debug_frame   0x0000000000001044      0x1e8 ./Drivers/STM32F4xx_HAL_Driver/Src/stm32f4xx_hal_rcc_ex.o
 .debug_frame   0x000000000000122c       0x20 /Applications/STM32CubeIDE.app/Contents/Eclipse/plugins/com.st.stm32cube.ide.mcu.externaltools.gnu-tools-for-stm32.11.3.rel1.macos64_1.1.100.202310310803/tools/bin/../lib/gcc/arm-none-eabi/11.3.1/../../../../arm-none-eabi/lib/thumb/v7e-m+fp/hard/libc_nano.a(libc_a-memset.o)
 .debug_frame   0x000000000000124c       0x2c /Applications/STM32CubeIDE.app/Contents/Eclipse/plugins/com.st.stm32cube.ide.mcu.externaltools.gnu-tools-for-stm32.11.3.rel1.macos64_1.1.100.202310310803/tools/bin/../lib/gcc/arm-none-eabi/11.3.1/../../../../arm-none-eabi/lib/thumb/v7e-m+fp/hard/libc_nano.a(libc_a-init.o)
 .debug_frame   0x0000000000001278       0x2c /Applications/STM32CubeIDE.app/Contents/Eclipse/plugins/com.st.stm32cube.ide.mcu.externaltools.gnu-tools-for-stm32.11.3.rel1.macos64_1.1.100.202310310803/tools/bin/../lib/gcc/arm-none-eabi/11.3.1/thumb/v7e-m+fp/hard/libgcc.a(_aeabi_uldivmod.o)
 .debug_frame   0x00000000000012a4       0x34 /Applications/STM32CubeIDE.app/Contents/Eclipse/plugins/com.st.stm32cube.ide.mcu.externaltools.gnu-tools-for-stm32.11.3.rel1.macos64_1.1.100.202310310803/tools/bin/../lib/gcc/arm-none-eabi/11.3.1/thumb/v7e-m+fp/hard/libgcc.a(_udivmoddi4.o)

.debug_line_str
                0x0000000000000000       0x97
 .debug_line_str
                0x0000000000000000       0x97 ./Core/Startup/startup_stm32f446retx.o
                                         0xaf (size before relaxing)
